<html>
<body>
<pre>
<h1>礦ision Build Log</h1>
<h2>Tool Versions:</h2>
IDE-Version: μVision V5.20.0.0
Copyright (C) 2016 ARM Ltd and ARM Germany GmbH. All rights reserved.
License Information: a Microsoft, Microsoft, LIC=ZB401-C8PGE-RXVUD-8FIZS-0NQ0V-DDA15
 
Tool Versions:
Toolchain:       MDK-ARM Plus  Version: 5.20
Toolchain Path:  e:\Keil_v5\ARM\ARMCC\Bin
C Compiler:      Armcc.exe V5.06 update 2 (build 183)
Assembler:       Armasm.exe V5.06 update 2 (build 183)
Linker/Locator:  ArmLink.exe V5.06 update 2 (build 183)
Library Manager: ArmAr.exe V5.06 update 2 (build 183)
Hex Converter:   FromElf.exe V5.06 update 2 (build 183)
CPU DLL:         SARMCM3.DLL V5.20
Dialog DLL:      DCM.DLL V1.13.7.0
Target DLL:      STLink\ST-LINKIII-KEIL_SWO.dll V2.0.18.0
Dialog DLL:      TCM.DLL V1.14.9.0
 
<h2>Project:</h2>
F:\Quarotor\FC_MIN_飞控研究\UCOS - mini\4LEG_X\LEG_BRAINx\USER\UCOSII-3.uvprojx
Project File Date:  03/12/2017

<h2>Output:</h2>
*** Using Compiler 'V5.06 update 2 (build 183)', folder: 'e:\Keil_v5\ARM\ARMCC\Bin'
Build target 'UCOSII-3'
compiling main.c...
compiling parameter.c...
assembling startup_stm32f40_41xxx.s...
compiling ucos_task.c...
compiling delay.c...
compiling stm32f4xx_it.c...
compiling system_stm32f4xx.c...
compiling sys.c...
compiling misc.c...
compiling stm32f4xx_gpio.c...
compiling stm32f4xx_fsmc.c...
compiling stm32f4xx_syscfg.c...
compiling stm32f4xx_usart.c...
compiling stm32f4xx_rcc.c...
compiling stm32f4xx_tim.c...
compiling stm32f4xx_exti.c...
compiling stm32f4xx_flash.c...
compiling stm32f4xx_pwr.c...
compiling stm32f4xx_spi.c...
compiling stm32f4xx_dma.c...
compiling stm32f4xx_adc.c...
compiling stm32f4xx_can.c...
compiling os_flag.c...
compiling os_core.c...
compiling os_mbox.c...
compiling os_mem.c...
compiling os_mutex.c...
compiling os_q.c...
compiling os_time.c...
compiling os_task.c...
compiling os_sem.c...
assembling os_cpu_a.asm...
compiling os_cpu_c.c...
compiling os_tmr.c...
compiling iic1.c...
compiling iic.c...
compiling dma.c...
compiling flash.c...
compiling pwm_out.c...
compiling time.c...
compiling rc_mine.c...
compiling error.c...
compiling mpu6050.c...
compiling hml_sample.c...
compiling ultrasonic.c...
compiling usart_fc.c...
compiling ms5611_2.c...
compiling att_control.c...
compiling hml_cal.c...
compiling eso.c...
compiling height_ctrl.c...
compiling h_inf.c...
compiling visual_contol.c...
compiling FastMath.c...
compiling leg.c...
compiling my_math.c...
compiling miniMatrix.c...
compiling Matrix.c...
compiling Quaternion.c...
compiling imu1.c...
compiling kf_oldx.c...
compiling W1.c...
compiling W1_data.c...
compiling KSW2_data.c...
compiling KSW2.c...
compiling alt_kf.c...
compiling sonar_avoid.c...
linking...
Program Size: Code=149274 RO-data=3334 RW-data=4592 ZI-data=43648  
FromELF: creating hex file...
"..\OBJ\UCOSII-3.axf" - 0 Error(s), 0 Warning(s).

<h2>Collection of Component include folders:</h2>
  F:\Quarotor\FC_MIN_飞控研究\UCOS - mini\4LEG_X\LEG_BRAINx\USER\RTE
  e:\Keil_v5\ARM\PACK\Keil\STM32F4xx_DFP\2.9.0\Drivers\CMSIS\Device\ST\STM32F4xx\Include

<h2>Collection of Component Files used:</h2>
Build Time Elapsed:  00:01:03
</pre>
</body>
</html>
