Component: ARM Compiler 5.06 update 2 (build 183) Tool: armlink [4d35b7]

==============================================================================

Section Cross References

    main.o(.text) refers to os_mbox.o(.text) for OSMboxCreate
    main.o(.text) refers to os_q.o(.text) for OSQCreate
    main.o(.text) refers to os_flag.o(.text) for OSFlagCreate
    main.o(.text) refers to os_core.o(.text) for OSStatInit
    main.o(.text) refers to os_tmr.o(.text) for OSTmrCreate
    main.o(.text) refers to os_cpu_a.o(.text) for OS_CPU_SR_Save
    main.o(.text) refers to os_task.o(.text) for OSTaskCreate
    main.o(.text) refers to misc.o(.text) for NVIC_PriorityGroupConfig
    main.o(.text) refers to delay.o(.text) for delay_init
    main.o(.text) refers to pwm_out.o(.text) for LED_Init
    main.o(.text) refers to time.o(.text) for Initial_Timer_SYS
    main.o(.text) refers to usart_fc.o(.text) for Usart1_Init
    main.o(.text) refers to dma.o(.text) for MYDMA_Config
    main.o(.text) refers to parameter.o(.text) for Para_Init
    main.o(.text) refers to flash.o(.text) for W25QXX_Init
    main.o(.text) refers to stm32f4xx_usart.o(.text) for USART_DMACmd
    main.o(.text) refers to main.o(.bss) for mcuID
    main.o(.text) refers to main.o(.data) for msg_key
    main.o(.text) refers to ucos_task.o(.text) for tmr1_callback
    main.o(.text) refers to ucos_task.o(.data) for tmr1
    main.o(.text) refers to ucos_task.o(.bss) for OUTER_TASK_STK
    main.o(.text) refers to usart_fc.o(.bss) for SendBuff1
    main.o(.text) refers to visual_contol.o(.bss) for circle
    main.o(.text) refers to rc_mine.o(.data) for fly_ready
    main.o(.text) refers to rc_mine.o(.bss) for RX_CH
    parameter.o(.text) refers to f2d.o(x$fpl$f2d) for __aeabi_f2d
    parameter.o(.text) refers to dmul.o(x$fpl$dmul) for __aeabi_dmul
    parameter.o(.text) refers to ddiv.o(x$fpl$ddiv) for __aeabi_ddiv
    parameter.o(.text) refers to d2f.o(x$fpl$d2f) for __aeabi_d2f
    parameter.o(.text) refers to parameter.o(.bss) for drone
    parameter.o(.text) refers to mpu6050.o(.bss) for mpu6050
    parameter.o(.text) refers to hml_sample.o(.data) for ak8975
    parameter.o(.text) refers to main.o(.bss) for mcuID
    parameter.o(.text) refers to usart_fc.o(.bss) for SPID
    parameter.o(.text) refers to eso.o(.bss) for eso_att_outter
    parameter.o(.text) refers to att_control.o(.text) for Ctrl_Para_Init
    parameter.o(.text) refers to height_ctrl.o(.text) for WZ_Speed_PID_Init
    parameter.o(.text) refers to att_control.o(.bss) for ctrl_1
    ucos_task.o(.text) refers to stm32f4xx_tim.o(.text) for TIM_GetITStatus
    ucos_task.o(.text) refers to time.o(.text) for Get_Cycle_T
    ucos_task.o(.text) refers to f2d.o(x$fpl$f2d) for __aeabi_f2d
    ucos_task.o(.text) refers to drleqf.o(x$fpl$drleqf) for __aeabi_cdrcmple
    ucos_task.o(.text) refers to rc_mine.o(.text) for RC_Duty
    ucos_task.o(.text) refers to att_control.o(.text) for CTRL_1
    ucos_task.o(.text) refers to delay.o(.text) for delay_ms
    ucos_task.o(.text) refers to dflt_clz.o(x$fpl$dfltu) for __aeabi_ui2d
    ucos_task.o(.text) refers to visual_contol.o(.text) for Positon_control
    ucos_task.o(.text) refers to my_math.o(.text) for my_deathzoom_rc
    ucos_task.o(.text) refers to fabs.o(i.__hardfp_fabs) for __hardfp_fabs
    ucos_task.o(.text) refers to dleqf.o(x$fpl$dleqf) for __aeabi_cdcmple
    ucos_task.o(.text) refers to ucos_task.o(.data) for inner_loop_time_time
    ucos_task.o(.text) refers to ucos_task.o(.bss) for Rc_Pwm_In
    ucos_task.o(.text) refers to imu1.o(.data) for Roll_mid_down
    ucos_task.o(.text) refers to usart_fc.o(.bss) for mode
    ucos_task.o(.text) refers to rc_mine.o(.data) for cnt_loss_nrf
    ucos_task.o(.text) refers to usart_fc.o(.data) for imu_loss_cnt
    ucos_task.o(.text) refers to rc_mine.o(.bss) for RX_CH_FIX_PWM
    ucos_task.o(.text) refers to usart_fc.o(.text) for LEG_CMD
    ucos_task.o(.text) refers to stm32f4xx_dma.o(.text) for DMA_GetFlagStatus
    ucos_task.o(.text) refers to att_control.o(.data) for Thr_Low
    ucos_task.o(.text) refers to hml_sample.o(.data) for ak8975
    ucos_task.o(.text) refers to alt_kf.o(.data) for ALT_VEL_BMP_EKF
    ucos_task.o(.text) refers to main.o(.bss) for mcuID
    ucos_task.o(.text) refers to att_control.o(.bss) for ctrl_2
    ucos_task.o(.text) refers to eso.o(.bss) for eso_att_outter_c
    ucos_task.o(.text) refers to mpu6050.o(.bss) for mpu6050
    ucos_task.o(.text) refers to dmul.o(x$fpl$dmul) for __aeabi_dmul
    ucos_task.o(.text) refers to dfix.o(x$fpl$dfix) for __aeabi_d2iz
    ucos_task.o(.text) refers to height_ctrl.o(.data) for wz_speed
    ucos_task.o(.text) refers to ms5611_2.o(.data) for baroAlt_fc
    ucos_task.o(.text) refers to error.o(.data) for ero
    ucos_task.o(.text) refers to imu1.o(.bss) for yaw_mag_view
    ucos_task.o(.text) refers to sonar_avoid.o(.data) for sonar_avoid_c
    ucos_task.o(.text) refers to sonar_avoid.o(.bss) for sonar_avoid
[...]
    flag_hml                                 0x2000005c   Data          12  ucos_task.o(.data)
    Yaw_DJ                                   0x20000068   Data           4  ucos_task.o(.data)
    Pitch_DJ                                 0x2000006c   Data           4  ucos_task.o(.data)
    baro_task_time                           0x20000070   Data           4  ucos_task.o(.data)
    UART_UP_LOAD_SEL                         0x20000074   Data           1  ucos_task.o(.data)
    force_flow_ble_debug                     0x20000075   Data           1  ucos_task.o(.data)
    state_test                               0x20000076   Data           1  ucos_task.o(.data)
    tmr1                                     0x20000078   Data           4  ucos_task.o(.data)
    tmr2                                     0x2000007c   Data           4  ucos_task.o(.data)
    tmr3                                     0x20000080   Data           4  ucos_task.o(.data)
    cpuusage                                 0x20000084   Data           2  ucos_task.o(.data)
    SystemCoreClock                          0x200000c0   Data           4  system_stm32f4xx.o(.data)
    AHBPrescTable                            0x200000c4   Data          16  system_stm32f4xx.o(.data)
    OSCtxSwCtr                               0x200000e4   Data           4  os_core.o(.data)
    OSEventFreeList                          0x200000e8   Data           4  os_core.o(.data)
    OSFlagFreeList                           0x200000ec   Data           4  os_core.o(.data)
    OSCPUUsage                               0x200000f0   Data           1  os_core.o(.data)
    OSIdleCtrMax                             0x200000f4   Data           4  os_core.o(.data)
    OSIdleCtrRun                             0x200000f8   Data           4  os_core.o(.data)
    OSStatRdy                                0x200000fc   Data           1  os_core.o(.data)
    OSIntNesting                             0x200000fd   Data           1  os_core.o(.data)
    OSLockNesting                            0x200000fe   Data           1  os_core.o(.data)
    OSPrioCur                                0x200000ff   Data           1  os_core.o(.data)
    OSPrioHighRdy                            0x20000100   Data           1  os_core.o(.data)
    OSRdyGrp                                 0x20000101   Data           1  os_core.o(.data)
    OSRdyTbl                                 0x20000102   Data           8  os_core.o(.data)
    OSRunning                                0x2000010a   Data           1  os_core.o(.data)
    OSTaskCtr                                0x2000010b   Data           1  os_core.o(.data)
    OSIdleCtr                                0x2000010c   Data           4  os_core.o(.data)
    OSTCBCur                                 0x20000110   Data           4  os_core.o(.data)
    OSTCBFreeList                            0x20000114   Data           4  os_core.o(.data)
    OSTCBHighRdy                             0x20000118   Data           4  os_core.o(.data)
    OSTCBList                                0x2000011c   Data           4  os_core.o(.data)
    OSTickStepState                          0x20000120   Data           1  os_core.o(.data)
    OSQFreeList                              0x20000124   Data           4  os_core.o(.data)
    OSTime                                   0x20000128   Data           4  os_core.o(.data)
    OSTmrFree                                0x2000012c   Data           2  os_core.o(.data)
    OSTmrUsed                                0x2000012e   Data           2  os_core.o(.data)
    OSTmrTime                                0x20000130   Data           4  os_core.o(.data)
    OSTmrSem                                 0x20000134   Data           4  os_core.o(.data)
    OSTmrSemSignal                           0x20000138   Data           4  os_core.o(.data)
    OSTmrFreeList                            0x2000013c   Data           4  os_core.o(.data)
    OSInterrputSum                           0x20000140   Data           4  os_cpu_c.o(.data)
    I2C_FastMode                             0x20000146   Data           1  iic.o(.data)
    W25QXX_TYPE                              0x20000148   Data           2  flash.o(.data)
    FLASH_SIZE                               0x2000014c   Data           4  flash.o(.data)
    motor_cal                                0x20000150   Data           1  pwm_out.o(.data)
    PMW_T                                    0x20000151   Data           1  pwm_out.o(.data)
    CH_out_Mapping                           0x20000152   Data           8  pwm_out.o(.data)
    sel                                      0x2000015a   Data           1  pwm_out.o(.data)
    sysTickUptime                            0x2000015c   Data           4  time.o(.data)
    time_1h                                  0x20000160   Data           4  time.o(.data)
    time_1m                                  0x20000164   Data           4  time.o(.data)
    time_1s                                  0x20000168   Data           4  time.o(.data)
    time_1ms                                 0x2000016c   Data           4  time.o(.data)
    ero                                      0x20000170   Data           6  error.o(.data)
    sys                                      0x20000176   Data           8  error.o(.data)
    CH_in_Mapping                            0x2000018c   Data           8  rc_mine.o(.data)
    NS                                       0x20000194   Data           1  rc_mine.o(.data)
    CH_Error                                 0x20000195   Data           8  rc_mine.o(.data)
    NS_cnt                                   0x2000019e   Data           2  rc_mine.o(.data)
    MAX_CH                                   0x200001a0   Data          16  rc_mine.o(.data)
    MIN_CH                                   0x200001b0   Data          16  rc_mine.o(.data)
    CH_DIR                                   0x200001c0   Data           8  rc_mine.o(.data)
    filter_A                                 0x200001c8   Data           4  rc_mine.o(.data)
    fly_ready                                0x200001cc   Data           1  rc_mine.o(.data)
    ready_cnt                                0x200001ce   Data           2  rc_mine.o(.data)
    height_ctrl_mode                         0x200001d0   Data           1  rc_mine.o(.data)
    height_ctrl_mode_use                     0x200001d1   Data           1  rc_mine.o(.data)
    QH                                       0x200001d2   Data           2  rc_mine.o(.data)
    ZY                                       0x200001d4   Data           2  rc_mine.o(.data)
    XZ                                       0x200001d6   Data           2  rc_mine.o(.data)
    is_lock                                  0x200001d8   Data           1  rc_mine.o(.data)
    EN_FIX_GPSF                              0x200001d9   Data           1  rc_mine.o(.data)
    EN_FIX_LOCKWF                            0x200001da   Data           1  rc_mine.o(.data)
    EN_CONTROL_IMUF                          0x200001db   Data           1  rc_mine.o(.data)
    EN_FIX_INSF                              0x200001dc   Data           1  rc_mine.o(.data)
    EN_FIX_HIGHF                             0x200001dd   Data           1  rc_mine.o(.data)
    tx_lock                                  0x200001de   Data           1  rc_mine.o(.data)
    EN_FIX_GPS                               0x200001df   Data           1  rc_mine.o(.data)
    EN_FIX_LOCKW                             0x200001e0   Data           1  rc_mine.o(.data)
    EN_CONTROL_IMU                           0x200001e1   Data           1  rc_mine.o(.data)
    EN_FIX_INS                               0x200001e2   Data           1  rc_mine.o(.data)
    EN_FIX_HIGH                              0x200001e3   Data           1  rc_mine.o(.data)
    EN_TX_GX                                 0x200001e4   Data           1  rc_mine.o(.data)
    EN_TX_AX                                 0x200001e5   Data           1  rc_mine.o(.data)
    EN_TX_HM                                 0x200001e6   Data           1  rc_mine.o(.data)
    EN_TX_YRP                                0x200001e7   Data           1  rc_mine.o(.data)
    EN_TX_GPS                                0x200001e8   Data           1  rc_mine.o(.data)
    EN_TX_HIGH                               0x200001e9   Data           1  rc_mine.o(.data)
    up_load_set                              0x200001ea   Data           1  rc_mine.o(.data)
    up_load_pid                              0x200001eb   Data           1  rc_mine.o(.data)
    key_rc                                   0x200001ec   Data           6  rc_mine.o(.data)
    Yaw_sb_rc                                0x200001f2   Data           2  rc_mine.o(.data)
    cnt_rst                                  0x200001f4   Data           1  rc_mine.o(.data)
    delta_pitch                              0x200001f5   Data           1  rc_mine.o(.data)
    delta_roll                               0x200001f6   Data           1  rc_mine.o(.data)
    delta_yew                                0x200001f7   Data           1  rc_mine.o(.data)
    data_rate                                0x200001f8   Data           2  rc_mine.o(.data)
    control_scale                            0x200001fc   Data           4  rc_mine.o(.data)
    loss_nrf                                 0x20000200   Data           1  rc_mine.o(.data)
    cnt_loss_nrf                             0x20000204   Data           4  rc_mine.o(.data)
    dt_flow_rx                               0x2000020c   Data           4  usart_fc.o(.data)
    data_rate_gol_link                       0x20000210   Data           2  usart_fc.o(.data)
    LOCK                                     0x20000212   Data           1  usart_fc.o(.data)
    KEY                                      0x20000213   Data           8  usart_fc.o(.data)
    KEY_SEL                                  0x2000021b   Data           4  usart_fc.o(.data)
    NAV_BOARD_CONNECT                        0x2000021f   Data           1  usart_fc.o(.data)
    imu_loss_cnt                             0x20000220   Data           4  usart_fc.o(.data)
    baro_matlab_data                         0x20000224   Data           8  usart_fc.o(.data)
    POS_UKF_X                                0x2000022c   Data           4  usart_fc.o(.data)
    POS_UKF_Y                                0x20000230   Data           4  usart_fc.o(.data)
    VEL_UKF_X                                0x20000234   Data           4  usart_fc.o(.data)
    VEL_UKF_Y                                0x20000238   Data           4  usart_fc.o(.data)
    k_scale_pix                              0x2000023c   Data           4  usart_fc.o(.data)
    TxCounter                                0x20000240   Data           1  usart_fc.o(.data)
    count                                    0x20000241   Data           1  usart_fc.o(.data)
    RxState                                  0x20000242   Data           1  usart_fc.o(.data)
    RxBufferNum                              0x20000243   Data           1  usart_fc.o(.data)
    RxBufferCnt                              0x20000244   Data           1  usart_fc.o(.data)
    RxLen                                    0x20000245   Data           1  usart_fc.o(.data)
    com_data                                 0x20000246   Data           1  usart_fc.o(.data)
    PWM_DJI                                  0x2000024a   Data           8  usart_fc.o(.data)
    TxCounter5                               0x20000252   Data           1  usart_fc.o(.data)
    count5                                   0x20000253   Data           1  usart_fc.o(.data)
    RxState5                                 0x20000254   Data           1  usart_fc.o(.data)
    RxBufferNum5                             0x20000255   Data           1  usart_fc.o(.data)
    RxBufferCnt5                             0x20000256   Data           1  usart_fc.o(.data)
    RxLen5                                   0x20000257   Data           1  usart_fc.o(.data)
    BLE_UP1                                  0x2000025a   Data          20  usart_fc.o(.data)
    BLE_TEST                                 0x2000026e   Data          20  usart_fc.o(.data)
    BLE_BAUD                                 0x20000282   Data          20  usart_fc.o(.data)
    BLE_RENEW                                0x20000296   Data          20  usart_fc.o(.data)
    BLE_RATE                                 0x200002aa   Data          20  usart_fc.o(.data)
    SET_PIN                                  0x200002be   Data          20  usart_fc.o(.data)
    app_connect_fc_loss                      0x200002d4   Data           4  usart_fc.o(.data)
    app_connect_fc                           0x200002d8   Data           1  usart_fc.o(.data)
    lock_tx                                  0x200002d9   Data           1  usart_fc.o(.data)
    RxState_app                              0x200002da   Data           1  usart_fc.o(.data)
    RxBufferNum_app                          0x200002db   Data           1  usart_fc.o(.data)
    RxBufferCnt_app                          0x200002dc   Data           1  usart_fc.o(.data)
    RxLen_app                                0x200002dd   Data           1  usart_fc.o(.data)
    RxState4                                 0x200002e0   Data           1  usart_fc.o(.data)
    RxBufferNum4                             0x200002e1   Data           1  usart_fc.o(.data)
    RxBufferCnt4                             0x200002e2   Data           1  usart_fc.o(.data)
    RxLen4                                   0x200002e3   Data           1  usart_fc.o(.data)
    rate_gps_board                           0x200002e8   Data           4  usart_fc.o(.data)
    RxState3                                 0x200002ec   Data           1  usart_fc.o(.data)
    RxBufferNum3                             0x200002ed   Data           1  usart_fc.o(.data)
    RxBufferCnt3                             0x200002ee   Data           1  usart_fc.o(.data)
    RxLen3                                   0x200002ef   Data           1  usart_fc.o(.data)
    Angle_Yun                                0x200002f4   Data           8  usart_fc.o(.data)
    SendBuff1_cnt                            0x200002fc   Data           1  usart_fc.o(.data)
    nrf_uart_cnt                             0x200002fe   Data           2  usart_fc.o(.data)
    ak8975                                   0x20000320   Data          48  hml_sample.o(.data)
    ak8975_fc                                0x20000350   Data          48  hml_sample.o(.data)
    ak8975_ok                                0x200003d0   Data           1  hml_sample.o(.data)
    hml_fix                                  0x200003d1   Data           1  hml_sample.o(.data)
    Mag_CALIBRATED                           0x200003d2   Data           1  hml_sample.o(.data)
    Mag_CALIBRATED_R                         0x200003d3   Data           1  hml_sample.o(.data)
    HMC5883_lastx                            0x200003d4   Data           4  hml_sample.o(.data)
    HMC5883_lasty                            0x200003d8   Data           4  hml_sample.o(.data)
    HMC5883_lastz                            0x200003dc   Data           4  hml_sample.o(.data)
    HMC5883_maxx                             0x200003e0   Data           2  hml_sample.o(.data)
    HMC5883_maxy                             0x200003e2   Data           2  hml_sample.o(.data)
    HMC5883_maxz                             0x200003e4   Data           2  hml_sample.o(.data)
    HMC5883_minx                             0x200003e6   Data           2  hml_sample.o(.data)
    HMC5883_miny                             0x200003e8   Data           2  hml_sample.o(.data)
    HMC5883_minz                             0x200003ea   Data           2  hml_sample.o(.data)
    mpu6050_ok                               0x20000420   Data           1  mpu6050.o(.data)
    acc_sum_cnt                              0x20000422   Data           2  mpu6050.o(.data)
    gyro_sum_cnt                             0x20000424   Data           2  mpu6050.o(.data)
    filter_cnt                               0x200004c8   Data           1  mpu6050.o(.data)
    filter_cnt_old                           0x200004c9   Data           1  mpu6050.o(.data)
    test_ang                                 0x200004cc   Data           4  mpu6050.o(.data)
    test_ang_old                             0x200004d0   Data           4  mpu6050.o(.data)
    test_ang_d                               0x200004d4   Data           4  mpu6050.o(.data)
    test_fli_a                               0x200004d8   Data           4  mpu6050.o(.data)
    test_i                                   0x200004dc   Data           4  mpu6050.o(.data)
    acc_off                                  0x200004e0   Data          12  mpu6050.o(.data)
    acc_scale                                0x200004ec   Data          12  mpu6050.o(.data)
    acc_max                                  0x200004f8   Data          12  mpu6050.o(.data)
    acc_min                                  0x20000504   Data          12  mpu6050.o(.data)
    EN_TUO_ACC_FIX                           0x20000510   Data           1  mpu6050.o(.data)
    MS5611_Temperature                       0x20000520   Data           4  ms5611_2.o(.data)
    MS5611_Pressure                          0x20000524   Data           4  ms5611_2.o(.data)
    MS5611_Altitude                          0x20000528   Data           4  ms5611_2.o(.data)
    MS5611_VerticalSpeed                     0x2000052c   Data           4  ms5611_2.o(.data)
    baro_alt_speed_ano                       0x20000530   Data           4  ms5611_2.o(.data)
    baroAlt                                  0x20000534   Data           4  ms5611_2.o(.data)
    baroAlt_fc                               0x20000538   Data           4  ms5611_2.o(.data)
    baro_set                                 0x2000053c   Data           1  ms5611_2.o(.data)
    paOffsetNum                              0x20000558   Data           8  ms5611_2.o(.data)
    paInitCnt                                0x20000560   Data           2  ms5611_2.o(.data)
    paOffsetInited                           0x20000562   Data           1  ms5611_2.o(.data)
    Baro_ALT_Updated                         0x20000563   Data           1  ms5611_2.o(.data)
    MS5611_Delay_us                          0x20000564   Data          36  ms5611_2.o(.data)
    for_fly_ready                            0x20000596   Data           1  ms5611_2.o(.data)
    angle_baro                               0x20000598   Data           4  ms5611_2.o(.data)
    ultra_start_f                            0x200005b0   Data           1  ultrasonic.o(.data)
    ultra_ok                                 0x200005b1   Data           1  ultrasonic.o(.data)
    ultra_distance                           0x200005b4   Data           4  ultrasonic.o(.data)
    ultra_distance_r                         0x200005b8   Data           4  ultrasonic.o(.data)
    ultra_delta                              0x200005bc   Data           4  ultrasonic.o(.data)
    dj_angle                                 0x200005c0   Data           4  att_control.o(.data)
    dj_angle_offset                          0x200005c4   Data          12  att_control.o(.data)
    dj_angle_set                             0x200005d0   Data           4  att_control.o(.data)
    w_neuro                                  0x200005d4   Data           8  att_control.o(.data)
    YAW_NO_HEAD                              0x200005dc   Data           4  att_control.o(.data)
    except_A_SB                              0x200005e0   Data           8  att_control.o(.data)
    except_A_SB_lft                          0x200005e8   Data           8  att_control.o(.data)
    nav_angle                                0x200005f0   Data           8  att_control.o(.data)
    avoid_angle                              0x200005f8   Data           8  att_control.o(.data)
    scale_lf_sb                              0x20000600   Data           4  att_control.o(.data)
    scale_lf_nav                             0x20000604   Data           4  att_control.o(.data)
    px_v                                     0x20000608   Data           4  att_control.o(.data)
    ix_v                                     0x2000060c   Data           4  att_control.o(.data)
    flag_eso                                 0x20000610   Data           4  att_control.o(.data)
    off_temp                                 0x20000614   Data           8  att_control.o(.data)
    off_yaw                                  0x2000061c   Data           4  att_control.o(.data)
    k_eso_pid                                0x20000620   Data           4  att_control.o(.data)
    inner_set                                0x20000624   Data           4  att_control.o(.data)
    en_h_inf                                 0x20000628   Data           1  att_control.o(.data)
    k_rc_gyro_spd                            0x2000062c   Data           4  att_control.o(.data)
    att_tuning_thr_limit                     0x20000630   Data           2  att_control.o(.data)
    baro_to_ground                           0x20000634   Data           4  att_control.o(.data)
    baro_ground_off                          0x20000638   Data           4  att_control.o(.data)
    thr_value                                0x2000063c   Data           4  att_control.o(.data)
    Thr_Low                                  0x20000640   Data           1  att_control.o(.data)
    force_Thr_low                            0x20000641   Data           1  att_control.o(.data)
    Thr_Weight                               0x20000644   Data           4  att_control.o(.data)
    Thr_Weight_ATT                           0x20000648   Data           4  att_control.o(.data)
    thr_test                                 0x2000064c   Data           4  att_control.o(.data)
    k_thr_att                                0x20000650   Data           4  att_control.o(.data)
    scale_thr_fix                            0x20000654   Data           4  att_control.o(.data)
    thr_value_fix                            0x20000658   Data           4  att_control.o(.data)
    en_motor_sel                             0x2000065c   Data           1  att_control.o(.data)
    flt_eso                                  0x2000067c   Data           4  eso.o(.data)
    np                                       0x20000680   Data           4  eso.o(.data)
    L1                                       0x20000684   Data           4  eso.o(.data)
    ctrl_inf_att_out                         0x200006b8   Data           8  h_inf.o(.data)
    ctrl_inf_att_out2                        0x200006c0   Data           8  h_inf.o(.data)
    num_w1                                   0x200006c8   Data           8  h_inf.o(.data)
    den_w1                                   0x200006d0   Data           8  h_inf.o(.data)
    K_kw2                                    0x200006d8   Data           4  h_inf.o(.data)
    num_kw2                                  0x200006e0   Data          40  h_inf.o(.data)
    den_kw2                                  0x20000708   Data          40  h_inf.o(.data)
    ks_w2_0                                  0x20000730   Data           4  h_inf.o(.data)
    test1                                    0x20000734   Data           4  h_inf.o(.data)
    Out_k                                    0x20000738   Data           4  h_inf.o(.data)
    inf_cnt                                  0x2000073c   Data           2  h_inf.o(.data)
    d_inf                                    0x20000740   Data           4  h_inf.o(.data)
    kd                                       0x20000744   Data           4  h_inf.o(.data)
    ero_inf                                  0x20000748   Data           4  h_inf.o(.data)
    thr_inf                                  0x2000074c   Data           4  h_inf.o(.data)
    PWM_OFF                                  0x20000750   Data           4  h_inf.o(.data)
    rng_time1                                0x20000774   Data           4  height_ctrl.o(.data)
    HOLD_THR                                 0x20000778   Data           4  height_ctrl.o(.data)
    ALT_HOLD_THR_RANGE_SCALE                 0x2000077c   Data           4  height_ctrl.o(.data)
    exp_spd_zv                               0x20000780   Data           4  height_ctrl.o(.data)
    thr_use                                  0x20000784   Data           4  height_ctrl.o(.data)
    thr_in_view                              0x20000788   Data           4  height_ctrl.o(.data)
    exp_height_speed                         0x2000078c   Data           4  height_ctrl.o(.data)
    exp_height                               0x20000790   Data           4  height_ctrl.o(.data)
    exp_height_speed_safe                    0x20000794   Data           4  height_ctrl.o(.data)
    exp_height_safe                          0x20000798   Data           4  height_ctrl.o(.data)
    ultra_speed                              0x2000079c   Data           4  height_ctrl.o(.data)
    ultra_speed_safe                         0x200007a0   Data           4  height_ctrl.o(.data)
    ultra_dis_lpf                            0x200007a4   Data           4  height_ctrl.o(.data)
    ultra_dis_lpf_safe                       0x200007a8   Data           4  height_ctrl.o(.data)
    ultra_ctrl_out_safe                      0x200007ac   Data           4  height_ctrl.o(.data)
    ultra_ctrl_out                           0x200007b0   Data           4  height_ctrl.o(.data)
    ultra_ctrl_out_use                       0x200007b4   Data           4  height_ctrl.o(.data)
    baro_speed_ano                           0x200007b8   Data           4  height_ctrl.o(.data)
    height_ctrl_out                          0x200007bc   Data           4  height_ctrl.o(.data)
    wz_acc                                   0x200007c0   Data           4  height_ctrl.o(.data)
    adrc_out                                 0x200007c4   Data           4  height_ctrl.o(.data)
    baro_cnt                                 0x200007c8   Data           4  height_ctrl.o(.data)
    switch_r                                 0x200007cc   Data           1  height_ctrl.o(.data)
    wz_acc_ukf                               0x200007d0   Data           4  height_ctrl.o(.data)
    sonar_spd                                0x200007d4   Data           4  height_ctrl.o(.data)
    BARO_HIHG_NUM                            0x200007d8   Data           1  height_ctrl.o(.data)
    baro_h_cnt                               0x200007da   Data           4  height_ctrl.o(.data)
    baro_h_cnt1                              0x200007de   Data           4  height_ctrl.o(.data)
    k_temp                                   0x200007e4   Data           4  height_ctrl.o(.data)
    hs_ctrl_cnt_max                          0x200007e8   Data           2  height_ctrl.o(.data)
    hold_alt_flag                            0x200007ea   Data           1  height_ctrl.o(.data)
    out_timer_high                           0x200007ec   Data           4  height_ctrl.o(.data)
    in_timer_high                            0x200007f0   Data           4  height_ctrl.o(.data)
    baro_only_move                           0x200007f4   Data           4  height_ctrl.o(.data)
    baro_only_move_flt                       0x200007f8   Data           4  height_ctrl.o(.data)
    ano_temp                                 0x200007fc   Data           4  height_ctrl.o(.data)
    k_acc_ukf                                0x20000800   Data           4  height_ctrl.o(.data)
    mid_usp                                  0x20000804   Data           1  height_ctrl.o(.data)
    EN_TUO_ACC_FIX_H                         0x20000805   Data           1  height_ctrl.o(.data)
    off_inner                                0x20000808   Data           4  height_ctrl.o(.data)
    k_d                                      0x2000080c   Data           4  height_ctrl.o(.data)
    p1                                       0x20000810   Data           4  height_ctrl.o(.data)
    p2                                       0x20000814   Data           4  height_ctrl.o(.data)
    speed_ctrl_sel                           0x20000818   Data           1  height_ctrl.o(.data)
    speed_spd_sel                            0x20000819   Data           1  height_ctrl.o(.data)
    wz_speed                                 0x2000081c   Data           4  height_ctrl.o(.data)
    wz_speed_old                             0x20000820   Data           4  height_ctrl.o(.data)
    wz_acc_mms2                              0x20000824   Data           4  height_ctrl.o(.data)
    height_thrv                              0x20000828   Data           4  height_ctrl.o(.data)
    wz_speed_pid_v_view                      0x2000082c   Data           4  height_ctrl.o(.data)
    wz_speed_pid_v_view_eso                  0x20000830   Data           4  height_ctrl.o(.data)
    d_view                                   0x20000834   Data           4  height_ctrl.o(.data)
    ero_view                                 0x20000838   Data           8  height_ctrl.o(.data)
    baro_ctrl_start                          0x20000840   Data           1  height_ctrl.o(.data)
    baro_height                              0x20000844   Data           4  height_ctrl.o(.data)
    baro_height_old                          0x20000848   Data           4  height_ctrl.o(.data)
    ultra_speed_bmp                          0x2000084c   Data           4  height_ctrl.o(.data)
    ultra_sp_test                            0x20000850   Data           8  height_ctrl.o(.data)
    k_dh                                     0x20000858   Data           4  height_ctrl.o(.data)
    nav_circle                               0x200008a8   Data           8  visual_contol.o(.data)
    nav_circle_last                          0x200008b0   Data           8  visual_contol.o(.data)
    circle_check                             0x200008b8   Data           4  visual_contol.o(.data)
    circle_lfp                               0x200008bc   Data           4  visual_contol.o(.data)
    nav                                      0x200008c0   Data           8  visual_contol.o(.data)
    GPS_angle                                0x200008c8   Data           8  visual_contol.o(.data)
    target_position                          0x200008d0   Data           8  visual_contol.o(.data)
    now_position                             0x200008d8   Data           8  visual_contol.o(.data)
    actual_speed                             0x200008e0   Data           8  visual_contol.o(.data)
    tar_speed                                0x200008e8   Data           8  visual_contol.o(.data)
    tar_speed_avoidc                         0x200008f0   Data           8  visual_contol.o(.data)
    d_flow_watch                             0x200008f8   Data           8  visual_contol.o(.data)
    integrator                               0x20000900   Data           8  visual_contol.o(.data)
    k_break                                  0x20000908   Data           4  visual_contol.o(.data)
    k_flt_break                              0x2000090c   Data           4  visual_contol.o(.data)
    cnt_sb_sample_max                        0x20000910   Data           1  visual_contol.o(.data)
    scale_flow_rc                            0x20000914   Data           4  visual_contol.o(.data)
    r_circle                                 0x20000918   Data           4  visual_contol.o(.data)
    d_angle                                  0x2000091c   Data           4  visual_contol.o(.data)
    circle_angle                             0x20000920   Data           4  visual_contol.o(.data)
    exp_center_cycle                         0x20000924   Data          20  visual_contol.o(.data)
    yaw_qr_off                               0x20000938   Data           4  visual_contol.o(.data)
    out_timer_nav                            0x2000093c   Data           4  visual_contol.o(.data)
    in_timer_nav                             0x20000940   Data           4  visual_contol.o(.data)
    mode_change                              0x20000944   Data           1  visual_contol.o(.data)
    AUTO_UP_CUARVE                           0x20000946   Data          18  visual_contol.o(.data)
    AUTO_DOWN_CUARVE                         0x20000958   Data          12  visual_contol.o(.data)
    AUTO_DOWN_CUARVE1                        0x20000964   Data          12  visual_contol.o(.data)
    SONAR_SET_HIGHT                          0x20000970   Data           4  visual_contol.o(.data)
    AUTO_FLY_HEIGHT                          0x20000974   Data           4  visual_contol.o(.data)
    SONAR_CHECK_DEAD                         0x20000978   Data           4  visual_contol.o(.data)
    AUTO_LAND_HEIGHT_1                       0x2000097c   Data           4  visual_contol.o(.data)
    AUTO_LAND_HEIGHT_2                       0x20000980   Data           4  visual_contol.o(.data)
    AUTO_LAND_HEIGHT_3                       0x20000984   Data           4  visual_contol.o(.data)
    MINE_LAND_HIGH                           0x20000988   Data           4  visual_contol.o(.data)
    AUTO_LAND_SPEED_DEAD                     0x2000098c   Data           4  visual_contol.o(.data)
    state_v                                  0x20000990   Data           1  visual_contol.o(.data)
    baro_ground_high                         0x20000994   Data           4  visual_contol.o(.data)
    fast_atan_table                          0x200009a8   Data        1028  my_math.o(.data)
    yaw_dcm                                  0x20000db8   Data           4  quaternion.o(.data)
    K_yaw                                    0x20000dc0   Data           4  imu1.o(.data)
    Roll                                     0x20000dc4   Data           4  imu1.o(.data)
    Pitch                                    0x20000dc8   Data           4  imu1.o(.data)
    Yaw                                      0x20000dcc   Data           4  imu1.o(.data)
    Roll_mid_down                            0x20000dd0   Data           4  imu1.o(.data)
    Pitch_mid_down                           0x20000dd4   Data           4  imu1.o(.data)
    Yaw_mid_down                             0x20000dd8   Data           4  imu1.o(.data)
    ref_q                                    0x20000ddc   Data          16  imu1.o(.data)
    q0_m                                     0x20000dec   Data           4  imu1.o(.data)
    q1_m                                     0x20000df0   Data           4  imu1.o(.data)
    q2_m                                     0x20000df4   Data           4  imu1.o(.data)
    q3_m                                     0x20000df8   Data           4  imu1.o(.data)
    q0                                       0x20000dfc   Data           4  imu1.o(.data)
    q1                                       0x20000e00   Data           4  imu1.o(.data)
    q2                                       0x20000e04   Data           4  imu1.o(.data)
    q3                                       0x20000e08   Data           4  imu1.o(.data)
    ref_q_imd_down                           0x20000e0c   Data          16  imu1.o(.data)
    Kp                                       0x20000e1c   Data           4  imu1.o(.data)
    Ki                                       0x20000e20   Data           4  imu1.o(.data)
    norm_acc                                 0x20000e24   Data           4  imu1.o(.data)
    norm_q                                   0x20000e28   Data           4  imu1.o(.data)
    norm_acc_lpf                             0x20000e2c   Data           4  imu1.o(.data)
    test_flag                                0x20000e30   Data          12  imu1.o(.data)
    test_flag1                               0x20000e3c   Data          12  imu1.o(.data)
    test_flag2                               0x20000e48   Data          12  imu1.o(.data)
    mag_norm                                 0x20000e54   Data           4  imu1.o(.data)
    mag_norm_xyz                             0x20000e58   Data           4  imu1.o(.data)
    gh_yaw                                   0x20000e5c   Data           4  imu1.o(.data)
    ga_yaw                                   0x20000e60   Data           4  imu1.o(.data)
    gw_yaw                                   0x20000e64   Data           4  imu1.o(.data)
    yaw_kf                                   0x20000e68   Data           4  imu1.o(.data)
    P_kf_yaw                                 0x20000e70   Data          32  imu1.o(.data)
    k_kf_z                                   0x20000e90   Data           4  imu1.o(.data)
    yaw_cross                                0x20000e94   Data           1  imu1.o(.data)
    dis_angle_lock                           0x20000e95   Data           1  imu1.o(.data)
    beta                                     0x20000e98   Data           4  imu1.o(.data)
    q0_m_fc                                  0x20000e9c   Data           4  imu1.o(.data)
    q1_m_fc                                  0x20000ea0   Data           4  imu1.o(.data)
    q2_m_fc                                  0x20000ea4   Data           4  imu1.o(.data)
    q3_m_fc                                  0x20000ea8   Data           4  imu1.o(.data)
    q0_fc                                    0x20000eac   Data           4  imu1.o(.data)
    q1_fc                                    0x20000eb0   Data           4  imu1.o(.data)
    q2_fc                                    0x20000eb4   Data           4  imu1.o(.data)
    q3_fc                                    0x20000eb8   Data           4  imu1.o(.data)
    ref_q_imd_down_fc                        0x20000ebc   Data          16  imu1.o(.data)
    init_q                                   0x20000ecc   Data           1  imu1.o(.data)
    twoKp                                    0x20000ed0   Data           4  imu1.o(.data)
    twoKi                                    0x20000ed4   Data           4  imu1.o(.data)
    twoKp_s                                  0x20000ed8   Data           4  imu1.o(.data)
    integralFBx                              0x20000edc   Data           4  imu1.o(.data)
    integralFBy                              0x20000ee0   Data           4  imu1.o(.data)
    integralFBz                              0x20000ee4   Data           4  imu1.o(.data)
    ALT_POS_BMP                              0x20000ef8   Data           4  alt_kf.o(.data)
    ALT_VEL_BMP                              0x20000efc   Data           4  alt_kf.o(.data)
    ALT_POS_SONAR                            0x20000f00   Data           4  alt_kf.o(.data)
    ALT_VEL_SONAR                            0x20000f04   Data           4  alt_kf.o(.data)
    ALT_POS_SONAR2                           0x20000f08   Data           4  alt_kf.o(.data)
    ALT_POS_SONAR3                           0x20000f0c   Data           4  alt_kf.o(.data)
    ALT_POS_BMP_EKF                          0x20000f10   Data           4  alt_kf.o(.data)
    ALT_VEL_BMP_EKF                          0x20000f14   Data           4  alt_kf.o(.data)
    ALT_POS_BMP_UKF_OLDX                     0x20000f18   Data           4  alt_kf.o(.data)
    ALT_VEL_BMP_UKF_OLDX                     0x20000f1c   Data           4  alt_kf.o(.data)
    P_baro                                   0x20000f20   Data          72  alt_kf.o(.data)
    P_barob                                  0x20000f68   Data         128  alt_kf.o(.data)
    gh                                       0x20000fe8   Data           4  alt_kf.o(.data)
    ga                                       0x20000fec   Data           4  alt_kf.o(.data)
    gwa                                      0x20000ff0   Data           4  alt_kf.o(.data)
    P_kf_baro                                0x20000ff8   Data          72  alt_kf.o(.data)
    r_baro_ukf                               0x20001040   Data          16  alt_kf.o(.data)
    q_baro_ukf                               0x20001050   Data          16  alt_kf.o(.data)
    dead_accz                                0x20001060   Data           4  alt_kf.o(.data)
    acc_off_baro                             0x20001064   Data           4  alt_kf.o(.data)
    acc_scale_bmp                            0x20001068   Data           4  alt_kf.o(.data)
    k_flt_accz                               0x2000106c   Data           4  alt_kf.o(.data)
    acc_bmp                                  0x20001070   Data           4  alt_kf.o(.data)
    X_apo_height                             0x20001074   Data           8  alt_kf.o(.data)
    P_apo_k_height                           0x2000107c   Data          16  alt_kf.o(.data)
    k_bais                                   0x2000108c   Data           4  alt_kf.o(.data)
    k_bais2                                  0x20001090   Data           4  alt_kf.o(.data)
    r_baro                                   0x20001094   Data           4  alt_kf.o(.data)
    r_acc                                    0x20001098   Data           4  alt_kf.o(.data)
    x_tst                                    0x2000109c   Data           8  alt_kf.o(.data)
    p_tst                                    0x200010a4   Data           8  alt_kf.o(.data)
    kf_tst                                   0x200010ac   Data           8  alt_kf.o(.data)
    k_acc_bais                               0x200010b4   Data           4  alt_kf.o(.data)
    w_z_baro                                 0x200010b8   Data           4  alt_kf.o(.data)
    w_acc_bias                               0x200010bc   Data           4  alt_kf.o(.data)
    flag_ero                                 0x200010c0   Data           4  alt_kf.o(.data)
    Alt_Offset_m1                            0x200010c4   Data           4  alt_kf.o(.data)
    en_bias_fix                              0x200010c8   Data           4  alt_kf.o(.data)
    flt_body_acc                             0x200010cc   Data           4  alt_kf.o(.data)
    k_body_acc                               0x200010d0   Data           4  alt_kf.o(.data)
    acc_est                                  0x200010d4   Data           4  alt_kf.o(.data)
    acc_est_imu                              0x200010d8   Data           4  alt_kf.o(.data)
    W1_DW                                    0x200010f0   Data           8  w1.o(.data)
    W1_U                                     0x200010f8   Data           8  w1.o(.data)
    W1_Y                                     0x20001100   Data           8  w1.o(.data)
    W1_M_                                    0x20001108   Data           4  w1.o(.data)
    W1_P                                     0x20001110   Data          40  w1_data.o(.data)
    KSW2_U                                   0x20001138   Data           8  ksw2.o(.data)
    KSW2_Y                                   0x20001140   Data           8  ksw2.o(.data)
    KSW2_M_                                  0x20001148   Data           4  ksw2.o(.data)
    KSW2_P                                   0x20001150   Data          88  ksw2_data.o(.data)
    A                                        0x200011a8   Data           8  sonar_avoid.o(.data)
    A_dead                                   0x200011b0   Data           8  sonar_avoid.o(.data)
    max_try                                  0x200011b8   Data           4  sonar_avoid.o(.data)
    need_avoid                               0x200011bc   Data           1  sonar_avoid.o(.data)
    flt_avoid                                0x200011c0   Data           4  sonar_avoid.o(.data)
    TRC_DEAD                                 0x200011c4   Data           2  sonar_avoid.o(.data)
    DIS_MAX                                  0x200011c6   Data           2  sonar_avoid.o(.data)
    DIS_MIN                                  0x200011c8   Data           2  sonar_avoid.o(.data)
    en_trace_test                            0x200011ca   Data           1  sonar_avoid.o(.data)
    x_mid                                    0x200011d0   Data           8  sonar_avoid.o(.data)
    y_mid                                    0x200011d8   Data           8  sonar_avoid.o(.data)
    r_mid                                    0x200011e0   Data           8  sonar_avoid.o(.data)
    sonar_avoid_c                            0x200011e8   Data           8  sonar_avoid.o(.data)
    START_TASK_STK                           0x200011f0   Data         256  main.o(.bss)
    mcuID                                    0x200012f0   Data          12  main.o(.bss)
    MsgGrp                                   0x200012fc   Data        1024  main.o(.bss)
    drone                                    0x200017bc   Data         140  parameter.o(.bss)
    fRPY                                     0x20001848   Data          12  ucos_task.o(.bss)
    Rc_Pwm_In                                0x20001854   Data          16  ucos_task.o(.bss)
    INNER_TASK_STK                           0x20001864   Data        1024  ucos_task.o(.bss)
    OUTER_TASK_STK                           0x20001c64   Data        1536  ucos_task.o(.bss)
    EKF_TASK_STK                             0x20002264   Data        1024  ucos_task.o(.bss)
    POS_TASK_STK                             0x20002664   Data        2048  ucos_task.o(.bss)
    NRF_TASK_STK                             0x20002e64   Data         768  ucos_task.o(.bss)
    BARO_TASK_STK                            0x20003164   Data        2560  ucos_task.o(.bss)
    ROS_TASK_STK                             0x20003b64   Data         512  ucos_task.o(.bss)
    IDENT_TASK_STK                           0x20003d64   Data         512  ucos_task.o(.bss)
    UART_TASK_STK                            0x20003f64   Data        1024  ucos_task.o(.bss)
    ERROR_TASK_STK                           0x20004364   Data         256  ucos_task.o(.bss)
    OSEventTbl                               0x20004464   Data         200  os_core.o(.bss)
    OSFlagTbl                                0x2000452c   Data          80  os_core.o(.bss)
    OSTaskStatStk                            0x2000457c   Data         512  os_core.o(.bss)
    OSTaskIdleStk                            0x2000477c   Data         512  os_core.o(.bss)
    OSTCBPrioTbl                             0x2000497c   Data         256  os_core.o(.bss)
    OSTCBTbl                                 0x20004a7c   Data        1848  os_core.o(.bss)
    OSQTbl                                   0x200051b4   Data         120  os_core.o(.bss)
    OSTmrTbl                                 0x2000522c   Data         640  os_core.o(.bss)
    OSTmrTaskStk                             0x200054ac   Data         512  os_core.o(.bss)
    OSTmrWheelTbl                            0x200056ac   Data          64  os_core.o(.bss)
    W25QXX_BUFFER                            0x200056ec   Data        4096  flash.o(.bss)
    FLASH_READ_BUF                           0x200066ec   Data         100  flash.o(.bss)
    FLASH_Buffer                             0x20006750   Data         100  flash.o(.bss)
    Cycle_T                                  0x200067b4   Data         240  time.o(.bss)
    RX_CH                                    0x200068ec   Data          16  rc_mine.o(.bss)
    RX_CH_PWM                                0x200068fc   Data          16  rc_mine.o(.bss)
    RX_CH_FIX                                0x2000690c   Data          16  rc_mine.o(.bss)
    RX_CH_FIX_PWM                            0x2000691c   Data          16  rc_mine.o(.bss)
    CH                                       0x2000692c   Data          16  rc_mine.o(.bss)
    CH_Old                                   0x2000693c   Data          32  rc_mine.o(.bss)
    CH_filter                                0x2000695c   Data          32  rc_mine.o(.bss)
    CH_filter_Old                            0x2000697c   Data          32  rc_mine.o(.bss)
    CH_filter_D                              0x2000699c   Data          32  rc_mine.o(.bss)
    CLR_CH_Error                             0x200069bc   Data          16  rc_mine.o(.bss)
    NRF24L01_RXDATA                          0x200069cc   Data          32  rc_mine.o(.bss)
    NRF24L01_TXDATA                          0x200069ec   Data          32  rc_mine.o(.bss)
    key_rc_reg                               0x20006a0c   Data         105  rc_mine.o(.bss)
    RC_GET                                   0x20006a78   Data          64  rc_mine.o(.bss)
    ypr_sb                                   0x20006ab8   Data          12  rc_mine.o(.bss)
    m100                                     0x20006ad4   Data         100  usart_fc.o(.bss)
    color                                    0x20006b38   Data          20  usart_fc.o(.bss)
    HPID                                     0x20006b4c   Data          18  usart_fc.o(.bss)
    SPID                                     0x20006b5e   Data          18  usart_fc.o(.bss)
    FIX_PID                                  0x20006b70   Data          18  usart_fc.o(.bss)
    NAV_PID                                  0x20006b82   Data          18  usart_fc.o(.bss)
    HPID_app                                 0x20006b94   Data          18  usart_fc.o(.bss)
    SPID_app                                 0x20006ba6   Data          18  usart_fc.o(.bss)
    FIX_PID_app                              0x20006bb8   Data          18  usart_fc.o(.bss)
    NAV_PID_app                              0x20006bca   Data          18  usart_fc.o(.bss)
    pid                                      0x20006bdc   Data         320  usart_fc.o(.bss)
    Rc_Get                                   0x20006d1c   Data          26  usart_fc.o(.bss)
    Rc_Get_PWM                               0x20006d36   Data          26  usart_fc.o(.bss)
    plane                                    0x20006d50   Data         116  usart_fc.o(.bss)
    slam                                     0x20006dc4   Data          20  usart_fc.o(.bss)
    imu_nav                                  0x20006dd8   Data         100  usart_fc.o(.bss)
    mode                                     0x20006e3c   Data          86  usart_fc.o(.bss)
    flow_debug                               0x20006e94   Data          40  usart_fc.o(.bss)
    flow_matlab_data                         0x20006ebc   Data          16  usart_fc.o(.bss)
    uart_time                                0x20006ecc   Data          40  usart_fc.o(.bss)
    TxBuffer                                 0x20006ef4   Data         256  usart_fc.o(.bss)
    Rx_Buf                                   0x20006ff4   Data         256  usart_fc.o(.bss)
    RxBuffer                                 0x200070f4   Data          50  usart_fc.o(.bss)
    TxBuffer5                                0x20007126   Data         256  usart_fc.o(.bss)
    Rx_Buf5                                  0x20007226   Data         256  usart_fc.o(.bss)
    RxBuffer5                                0x20007326   Data          50  usart_fc.o(.bss)
    DEBUG                                    0x20007358   Data         140  usart_fc.o(.bss)
    Rx_Buf_app                               0x200073e4   Data         256  usart_fc.o(.bss)
    RxBuffer_app                             0x200074e4   Data          50  usart_fc.o(.bss)
    Rx_Buf4                                  0x20007516   Data         256  usart_fc.o(.bss)
    RxBuffer4                                0x20007616   Data          50  usart_fc.o(.bss)
    Rx_Buf3                                  0x20007648   Data         256  usart_fc.o(.bss)
    RxBuffer3                                0x20007748   Data          50  usart_fc.o(.bss)
    BLE_DEBUG                                0x2000777a   Data          32  usart_fc.o(.bss)
    SendBuff1                                0x2000779a   Data          96  usart_fc.o(.bss)
    SendBuff2                                0x200077fa   Data          40  usart_fc.o(.bss)
    SendBuff3                                0x20007822   Data          32  usart_fc.o(.bss)
    SendBuff4                                0x20007842   Data         192  usart_fc.o(.bss)
    mpu6050_fc                               0x20007908   Data         124  mpu6050.o(.bss)
    mpu6050                                  0x20007984   Data         124  mpu6050.o(.bss)
    mpu6050_r                                0x20007a00   Data         124  mpu6050.o(.bss)
    mpu6050_fc_r                             0x20007a7c   Data         124  mpu6050.o(.bss)
    mpu6050_buffer                           0x20007af8   Data          14  mpu6050.o(.bss)
    sum_temp                                 0x20007b08   Data          28  mpu6050.o(.bss)
    FILT_BUF                                 0x20007d08   Data         154  mpu6050.o(.bss)
    mpu6050_tmp                              0x20007da4   Data          28  mpu6050.o(.bss)
    mpu6050_tmp_acc_circle                   0x20007dc0   Data          28  mpu6050.o(.bss)
    mpu_fil_tmp                              0x20007ddc   Data          28  mpu6050.o(.bss)
    mpu_fil_tmp_acc_circle                   0x20007df8   Data          28  mpu6050.o(.bss)
    ctrl_1                                   0x20007e14   Data         196  att_control.o(.bss)
    ctrl_2                                   0x20007ed8   Data         196  att_control.o(.bss)
    ctrl_2_fuzzy                             0x20007f9c   Data         196  att_control.o(.bss)
    except_A                                 0x20008060   Data          12  att_control.o(.bss)
    except_AR                                0x2000806c   Data          12  att_control.o(.bss)
    ctrl_angle_offset                        0x20008078   Data          12  att_control.o(.bss)
    compensation                             0x20008084   Data          12  att_control.o(.bss)
    except_AS                                0x20008090   Data          12  att_control.o(.bss)
    g_old                                    0x2000809c   Data          28  att_control.o(.bss)
    motor                                    0x200080b8   Data          24  att_control.o(.bss)
    posture_value                            0x200080d0   Data          24  att_control.o(.bss)
    curve                                    0x200080e8   Data          24  att_control.o(.bss)
    motor_out                                0x20008100   Data          12  att_control.o(.bss)
    posture_value_test                       0x2000810c   Data          24  att_control.o(.bss)
    ESO_BMP                                  0x20008154   Data         132  eso.o(.bss)
    eso_att_outter                           0x200081d8   Data         528  eso.o(.bss)
    eso_att_inner                            0x200083e8   Data         528  eso.o(.bss)
    eso_att_outter_c                         0x200085f8   Data         528  eso.o(.bss)
    eso_att_inner_c                          0x20008808   Data         528  eso.o(.bss)
    wz_speed_pid_v                           0x20008f18   Data          20  height_ctrl.o(.bss)
    wz_speed_pid_v_safe                      0x20008f2c   Data          20  height_ctrl.o(.bss)
    wz_speed_pid_v_eso                       0x20008f40   Data          20  height_ctrl.o(.bss)
    ultra_ctrl                               0x20008f54   Data          20  height_ctrl.o(.bss)
    ultra_ctrl_safe                          0x20008f68   Data          20  height_ctrl.o(.bss)
    wz_speed_pid                             0x20008f7c   Data          12  height_ctrl.o(.bss)
    wz_speed_pid_safe                        0x20008f88   Data          12  height_ctrl.o(.bss)
    wz_speed_pid_use                         0x20008f94   Data          12  height_ctrl.o(.bss)
    ultra_pid_safe                           0x20008fa0   Data          12  height_ctrl.o(.bss)
    ultra_pid                                0x20008fac   Data          12  height_ctrl.o(.bss)
    ultra_pid_use                            0x20008fb8   Data          12  height_ctrl.o(.bss)
    baro_speed_arr                           0x20008fc4   Data         204  height_ctrl.o(.bss)
    baro_h_arr                               0x20009090   Data         404  height_ctrl.o(.bss)
    baro_h_arr1                              0x20009224   Data         404  height_ctrl.o(.bss)
    circle                                   0x200093b8   Data          88  visual_contol.o(.bss)
    track                                    0x20009410   Data          88  visual_contol.o(.bss)
    marker                                   0x20009468   Data          76  visual_contol.o(.bss)
    acc_temp                                 0x200094b4   Data          12  visual_contol.o(.bss)
    nav_pos_pid                              0x200094c0   Data          20  visual_contol.o(.bss)
    nav_spd_pid                              0x200094d4   Data          20  visual_contol.o(.bss)
    nav_pos_ctrl                             0x200094e8   Data          64  visual_contol.o(.bss)
    nav_spd_ctrl                             0x20009528   Data          64  visual_contol.o(.bss)
    cnt                                      0x20009568   Data          20  visual_contol.o(.bss)
    nav_land                                 0x2000957c   Data          12  visual_contol.o(.bss)
    Rc_Pwm_Inr_mine                          0x20009588   Data          16  visual_contol.o(.bss)
    Rc_Pwm_Out_mine                          0x20009598   Data          16  visual_contol.o(.bss)
    angle_imu_dj                             0x200095a8   Data          12  visual_contol.o(.bss)
    leg                                      0x200095b4   Data        1060  leg.o(.bss)
    brain                                    0x200099d8   Data         212  leg.o(.bss)
    med_filter_tmp                           0x20009aac   Data        6000  my_math.o(.bss)
    med_filter_out                           0x2000b21c   Data         120  my_math.o(.bss)
    med_fil_cnt                              0x2000b294   Data          30  my_math.o(.bss)
    e_R                                      0x2000b2b4   Data          12  quaternion.o(.bss)
    exp_angle                                0x2000b2c0   Data          12  quaternion.o(.bss)
    ero_angle_px4                            0x2000b2cc   Data          16  quaternion.o(.bss)
    angle_now                                0x2000b2dc   Data          12  quaternion.o(.bss)
    Q_control                                0x2000b2e8   Data          32  quaternion.o(.bss)
    R_control_set                            0x2000b308   Data          36  quaternion.o(.bss)
    R_control_ero                            0x2000b32c   Data          36  quaternion.o(.bss)
    R_control_now                            0x2000b350   Data          36  quaternion.o(.bss)
    R_control_now_t                          0x2000b374   Data          36  quaternion.o(.bss)
    q_nav                                    0x2000b398   Data          16  imu1.o(.bss)
    reference_v_fc                           0x2000b3a8   Data          12  imu1.o(.bss)
    reference_v                              0x2000b3b4   Data          12  imu1.o(.bss)
    ref                                      0x2000b3c0   Data          60  imu1.o(.bss)
    reference_vr                             0x2000b3fc   Data          12  imu1.o(.bss)
    reference_vr_fc                          0x2000b408   Data          12  imu1.o(.bss)
    yaw_mag_view                             0x2000b414   Data          20  imu1.o(.bss)
    reference_vr_imd_down                    0x2000b428   Data          12  imu1.o(.bss)
    mag_sim_3d                               0x2000b434   Data          12  imu1.o(.bss)
    X_kf_yaw                                 0x2000b440   Data          16  imu1.o(.bss)
    reference_vr_imd_down_fc                 0x2000b450   Data          12  imu1.o(.bss)
    X_ukf_baro                               0x2000b468   Data          24  alt_kf.o(.bss)
    X_ukf_barob                              0x2000b480   Data          32  alt_kf.o(.bss)
    X_kf_baro                                0x2000b4a0   Data          24  alt_kf.o(.bss)
    acc_body                                 0x2000b4b8   Data          12  alt_kf.o(.bss)
    acc_bias                                 0x2000b4c4   Data          12  alt_kf.o(.bss)
    accel_bias_corr                          0x2000b4d0   Data          12  alt_kf.o(.bss)
    KSW2_DW                                  0x2000b4e0   Data          32  ksw2.o(.bss)
    DIS_IN_TEST                              0x2000b500   Data          64  sonar_avoid.o(.bss)
    DIS_IN                                   0x2000b540   Data         160  sonar_avoid.o(.bss)
    avoid_trace                              0x2000b5e0   Data          12  sonar_avoid.o(.bss)
    sonar_avoid                              0x2000b5ec   Data          32  sonar_avoid.o(.bss)
    __libspace_start                         0x2000b60c   Data          96  libspace.o(.bss)
    __temporary_stack_top$libspace           0x2000b66c   Data           0  libspace.o(.bss)



==============================================================================

Memory Map of the image

  Image Entry point : 0x08000189

  Load Region LR_IROM1 (Base: 0x08000000, Size: 0x00026610, Max: 0x00100000, ABSOLUTE, COMPRESSED[0x00025b8c])

    Execution Region ER_IROM1 (Base: 0x08000000, Size: 0x00025420, Max: 0x00100000, ABSOLUTE)

    Base Addr    Size         Type   Attr      Idx    E Section Name        Object

    0x08000000   0x00000188   Data   RO          534    RESET               startup_stm32f40_41xxx.o
    0x08000188   0x00000008   Code   RO         2849  * !!!main             c_w.l(__main.o)
    0x08000190   0x00000034   Code   RO         3289    !!!scatter          c_w.l(__scatter.o)
    0x080001c4   0x0000005a   Code   RO         3287    !!dczerorl2         c_w.l(__dczerorl2.o)
    0x0800021e   0x00000002   PAD
    0x08000220   0x0000001c   Code   RO         3291    !!handler_zi        c_w.l(__scatter_zi.o)
    0x0800023c   0x00000002   Code   RO         3152    .ARM.Collect$$libinit$$00000000  c_w.l(libinit.o)
    0x0800023e   0x00000004   Code   RO         3161    .ARM.Collect$$libinit$$00000001  c_w.l(libinit2.o)
    0x08000242   0x00000000   Code   RO         3164    .ARM.Collect$$libinit$$00000004  c_w.l(libinit2.o)
    0x08000242   0x00000000   Code   RO         3167    .ARM.Collect$$libinit$$0000000A  c_w.l(libinit2.o)
    0x08000242   0x00000000   Code   RO         3169    .ARM.Collect$$libinit$$0000000C  c_w.l(libinit2.o)
    0x08000242   0x00000000   Code   RO         3171    .ARM.Collect$$libinit$$0000000E  c_w.l(libinit2.o)
    0x08000242   0x00000000   Code   RO         3174    .ARM.Collect$$libinit$$00000011  c_w.l(libinit2.o)
    0x08000242   0x00000000   Code   RO         3176    .ARM.Collect$$libinit$$00000013  c_w.l(libinit2.o)
    0x08000242   0x00000000   Code   RO         3178    .ARM.Collect$$libinit$$00000015  c_w.l(libinit2.o)
    0x08000242   0x00000000   Code   RO         3180    .ARM.Collect$$libinit$$00000017  c_w.l(libinit2.o)
    0x08000242   0x00000000   Code   RO         3182    .ARM.Collect$$libinit$$00000019  c_w.l(libinit2.o)
    0x08000242   0x00000000   Code   RO         3184    .ARM.Collect$$libinit$$0000001B  c_w.l(libinit2.o)
    0x08000242   0x00000000   Code   RO         3186    .ARM.Collect$$libinit$$0000001D  c_w.l(libinit2.o)
    0x08000242   0x00000000   Code   RO         3188    .ARM.Collect$$libinit$$0000001F  c_w.l(libinit2.o)
    0x08000242   0x00000000   Code   RO         3190    .ARM.Collect$$libinit$$00000021  c_w.l(libinit2.o)
    0x08000242   0x00000000   Code   RO         3192    .ARM.Collect$$libinit$$00000023  c_w.l(libinit2.o)
    0x08000242   0x00000000   Code   RO         3194    .ARM.Collect$$libinit$$00000025  c_w.l(libinit2.o)
    0x08000242   0x00000000   Code   RO         3198    .ARM.Collect$$libinit$$0000002C  c_w.l(libinit2.o)
    0x08000242   0x00000000   Code   RO         3200    .ARM.Collect$$libinit$$0000002E  c_w.l(libinit2.o)
    0x08000242   0x00000000   Code   RO         3202    .ARM.Collect$$libinit$$00000030  c_w.l(libinit2.o)
    0x08000242   0x00000000   Code   RO         3204    .ARM.Collect$$libinit$$00000032  c_w.l(libinit2.o)
    0x08000242   0x00000002   Code   RO         3205    .ARM.Collect$$libinit$$00000033  c_w.l(libinit2.o)
    0x08000244   0x00000002   Code   RO         3237    .ARM.Collect$$libshutdown$$00000000  c_w.l(libshutdown.o)
    0x08000246   0x00000000   Code   RO         3254    .ARM.Collect$$libshutdown$$00000002  c_w.l(libshutdown2.o)
    0x08000246   0x00000000   Code   RO         3256    .ARM.Collect$$libshutdown$$00000004  c_w.l(libshutdown2.o)
    0x08000246   0x00000000   Code   RO         3259    .ARM.Collect$$libshutdown$$00000007  c_w.l(libshutdown2.o)
    0x08000246   0x00000000   Code   RO         3262    .ARM.Collect$$libshutdown$$0000000A  c_w.l(libshutdown2.o)
    0x08000246   0x00000000   Code   RO         3264    .ARM.Collect$$libshutdown$$0000000C  c_w.l(libshutdown2.o)
    0x08000246   0x00000000   Code   RO         3267    .ARM.Collect$$libshutdown$$0000000F  c_w.l(libshutdown2.o)
    0x08000246   0x00000002   Code   RO         3268    .ARM.Collect$$libshutdown$$00000010  c_w.l(libshutdown2.o)
    0x08000248   0x00000000   Code   RO         3043    .ARM.Collect$$rtentry$$00000000  c_w.l(__rtentry.o)
    0x08000248   0x00000000   Code   RO         3113    .ARM.Collect$$rtentry$$00000002  c_w.l(__rtentry2.o)
    0x08000248   0x00000006   Code   RO         3125    .ARM.Collect$$rtentry$$00000004  c_w.l(__rtentry4.o)
    0x0800024e   0x00000000   Code   RO         3115    .ARM.Collect$$rtentry$$00000009  c_w.l(__rtentry2.o)
    0x0800024e   0x00000004   Code   RO         3116    .ARM.Collect$$rtentry$$0000000A  c_w.l(__rtentry2.o)
    0x08000252   0x00000000   Code   RO         3118    .ARM.Collect$$rtentry$$0000000C  c_w.l(__rtentry2.o)
    0x08000252   0x00000008   Code   RO         3119    .ARM.Collect$$rtentry$$0000000D  c_w.l(__rtentry2.o)
    0x0800025a   0x00000002   Code   RO         3155    .ARM.Collect$$rtexit$$00000000  c_w.l(rtexit.o)
    0x0800025c   0x00000000   Code   RO         3209    .ARM.Collect$$rtexit$$00000002  c_w.l(rtexit2.o)
    0x0800025c   0x00000004   Code   RO         3210    .ARM.Collect$$rtexit$$00000003  c_w.l(rtexit2.o)
    0x08000260   0x00000006   Code   RO         3211    .ARM.Collect$$rtexit$$00000004  c_w.l(rtexit2.o)
    0x08000266   0x00000002   PAD
    0x08000268   0x00000430   Code   RO            3    .text               main.o
    0x08000698   0x0000083c   Code   RO          329    .text               parameter.o
    0x08000ed4   0x000026a0   Code   RO          464    .text               ucos_task.o
    0x08003574   0x00000040   Code   RO          535    .text               startup_stm32f40_41xxx.o
    0x080035b4   0x00000016   Code   RO          541    .text               stm32f4xx_it.o
    0x080035ca   0x00000002   PAD
    0x080035cc   0x00000108   Code   RO          590    .text               delay.o
    0x080036d4   0x00000210   Code   RO          612    .text               system_stm32f4xx.o
    0x080038e4   0x000000e0   Code   RO          656    .text               misc.o
    0x080039c4   0x00000294   Code   RO          676    .text               stm32f4xx_gpio.o
    0x08003c58   0x0000065c   Code   RO          719    .text               stm32f4xx_rcc.o
    0x080042b4   0x00000454   Code   RO          761    .text               stm32f4xx_usart.o
    0x08004708   0x00000ca2   Code   RO          781    .text               stm32f4xx_tim.o
    0x080053aa   0x00000002   PAD
    0x080053ac   0x00000694   Code   RO          801    .text               stm32f4xx_flash.o
    0x08005a40   0x00000480   Code   RO          861    .text               stm32f4xx_spi.o
    0x08005ec0   0x000003a8   Code   RO          881    .text               stm32f4xx_dma.o
    0x08006268   0x00000894   Code   RO          941    .text               os_core.o
    0x08006afc   0x0000080c   Code   RO          969    .text               os_flag.o
    0x08007308   0x000003cc   Code   RO          989    .text               os_mbox.o
    0x080076d4   0x000005e8   Code   RO         1043    .text               os_q.o
    0x08007cbc   0x0000038c   Code   RO         1063    .text               os_sem.o
    0x08008048   0x000007c4   Code   RO         1083    .text               os_task.o
    0x0800880c   0x000001b0   Code   RO         1103    .text               os_time.o
    0x080089bc   0x00000634   Code   RO         1123    .text               os_tmr.o
    0x08008ff0   0x000000c8   Code   RO         1141    .text               os_cpu_a.o
    0x080090b8   0x000001e8   Code   RO         1146    .text               os_cpu_c.o
    0x080092a0   0x000003a8   Code   RO         1176    .text               iic.o
    0x08009648   0x00000a14   Code   RO         1344    .text               flash.o
    0x0800a05c   0x000000e8   Code   RO         1371    .text               dma.o
    0x0800a144   0x00000420   Code   RO         1394    .text               pwm_out.o
    0x0800a564   0x000001dc   Code   RO         1581    .text               time.o
    0x0800a740   0x000003fc   Code   RO         1612    .text               error.o
    0x0800ab3c   0x000019fc   Code   RO         1643    .text               rc_mine.o
    0x0800c538   0x00007d20   Code   RO         1699    .text               usart_fc.o
    0x08014258   0x00000c70   Code   RO         1924    .text               mpu6050.o
    0x08014ec8   0x000036ac   Code   RO         2038    .text               att_control.o
    0x08018574   0x00001cb0   Code   RO         2092    .text               eso.o
    0x0801a224   0x00000e00   Code   RO         2131    .text               h_inf.o
    0x0801b024   0x00001874   Code   RO         2158    .text               height_ctrl.o
    0x0801c898   0x00000f38   Code   RO         2246    .text               visual_contol.o
    0x0801d7d0   0x000013f8   Code   RO         2321    .text               fastmath.o
    0x0801ebc8   0x00000b58   Code   RO         2395    .text               my_math.o
    0x0801f720   0x00002244   Code   RO         2420    .text               quaternion.o
    0x08021964   0x00000120   Code   RO         2592    .text               w1.o
    0x08021a84   0x000002bc   Code   RO         2640    .text               ksw2.o
    0x08021d40   0x00000064   Code   RO         2843    .text               c_w.l(rt_memcpy_w.o)
    0x08021da4   0x0000004e   Code   RO         2845    .text               c_w.l(rt_memclr_w.o)
    0x08021df2   0x00000006   Code   RO         2847    .text               c_w.l(heapauxi.o)
    0x08021df8   0x00000016   Code   RO         3046    .text               c_w.l(_rserrno.o)
    0x08021e0e   0x00000002   PAD
    0x08021e10   0x00000008   Code   RO         3134    .text               c_w.l(rt_errno_addr_intlibspace.o)
    0x08021e18   0x00000008   Code   RO         3138    .text               c_w.l(libspace.o)
    0x08021e20   0x0000004a   Code   RO         3141    .text               c_w.l(sys_stackheap_outer.o)
    0x08021e6a   0x00000012   Code   RO         3145    .text               c_w.l(exit.o)
    0x08021e7c   0x0000000c   Code   RO         3225    .text               c_w.l(sys_exit.o)
    0x08021e88   0x00000002   Code   RO         3242    .text               c_w.l(use_no_semi.o)
    0x08021e8a   0x00000000   Code   RO         3244    .text               c_w.l(indicate_semi.o)
    0x08021e8a   0x00000030   Code   RO         3080    i.__ARM_fpclassify  m_wm.l(fpclassify.o)
    0x08021eba   0x00000026   Code   RO         3082    i.__ARM_fpclassifyf  m_wm.l(fpclassifyf.o)
    0x08021ee0   0x0000012c   Code   RO         2915    i.__hardfp_asinf    m_wm.l(asinf.o)
    0x0802200c   0x00000250   Code   RO         2953    i.__hardfp_atan2f   m_wm.l(atan2f.o)
    0x0802225c   0x00000004   PAD
    0x08022260   0x000000c8   Code   RO         2965    i.__hardfp_cos      m_wm.l(cos.o)
    0x08022328   0x00000014   Code   RO         2977    i.__hardfp_fabs     m_wm.l(fabs.o)
    0x0802233c   0x00000004   PAD
    0x08022340   0x00000c50   Code   RO         2989    i.__hardfp_pow      m_wm.l(pow.o)
    0x08022f90   0x000000c8   Code   RO         3003    i.__hardfp_sin      m_wm.l(sin.o)
    0x08023058   0x0000007a   Code   RO         3015    i.__hardfp_sqrt     m_wm.l(sqrt.o)
    0x080230d2   0x0000003a   Code   RO         3027    i.__hardfp_sqrtf    m_wm.l(sqrtf.o)
    0x0802310c   0x00000004   PAD
    0x08023110   0x00000438   Code   RO         3101    i.__ieee754_rem_pio2  m_wm.l(rred.o)
    0x08023548   0x00000170   Code   RO         3063    i.__kernel_cos      m_wm.l(cos_i.o)
    0x080236b8   0x000000f8   Code   RO         3098    i.__kernel_poly     m_wm.l(poly.o)
    0x080237b0   0x00000130   Code   RO         3106    i.__kernel_sin      m_wm.l(sin_i.o)
    0x080238e0   0x00000030   Code   RO         3066    i.__mathlib_dbl_divzero  m_wm.l(dunder.o)
    0x08023910   0x00000014   Code   RO         3067    i.__mathlib_dbl_infnan  m_wm.l(dunder.o)
    0x08023924   0x00000014   Code   RO         3068    i.__mathlib_dbl_infnan2  m_wm.l(dunder.o)
    0x08023938   0x00000020   Code   RO         3069    i.__mathlib_dbl_invalid  m_wm.l(dunder.o)
    0x08023958   0x00000020   Code   RO         3070    i.__mathlib_dbl_overflow  m_wm.l(dunder.o)
    0x08023978   0x00000020   Code   RO         3072    i.__mathlib_dbl_underflow  m_wm.l(dunder.o)
    0x08023998   0x00000006   Code   RO         3085    i.__mathlib_flt_infnan  m_wm.l(funder.o)
    0x0802399e   0x00000006   Code   RO         3086    i.__mathlib_flt_infnan2  m_wm.l(funder.o)
    0x080239a4   0x00000010   Code   RO         3087    i.__mathlib_flt_invalid  m_wm.l(funder.o)
    0x080239b4   0x00000010   Code   RO         3090    i.__mathlib_flt_underflow  m_wm.l(funder.o)
    0x080239c4   0x00000018   Code   RO         2979    i.fabs              m_wm.l(fabs.o)
    0x080239dc   0x0000006e   Code   RO         3017    i.sqrt              m_wm.l(sqrt.o)
    0x08023a4a   0x0000003e   Code   RO         3029    i.sqrtf             m_wm.l(sqrtf.o)
    0x08023a88   0x00000018   Code   RO         2851    x$fpl$basic         fz_wm.l(basic.o)
    0x08023aa0   0x00000062   Code   RO         2853    x$fpl$d2f           fz_wm.l(d2f.o)
    0x08023b02   0x00000002   PAD
    0x08023b04   0x00000150   Code   RO         2855    x$fpl$dadd          fz_wm.l(daddsub_clz.o)
    0x08023c54   0x00000010   Code   RO         3136    x$fpl$dcheck1       fz_wm.l(dcheck1.o)
    0x08023c64   0x00000018   Code   RO         3048    x$fpl$dcmpinf       fz_wm.l(dcmpi.o)
    0x08023c7c   0x000002b0   Code   RO         2862    x$fpl$ddiv          fz_wm.l(ddiv.o)
    0x08023f2c   0x00000078   Code   RO         2865    x$fpl$deqf          fz_wm.l(deqf.o)
    0x08023fa4   0x0000005e   Code   RO         2867    x$fpl$dfix          fz_wm.l(dfix.o)
    0x08024002   0x0000002e   Code   RO         2872    x$fpl$dflt          fz_wm.l(dflt_clz.o)
    0x08024030   0x00000026   Code   RO         2871    x$fpl$dfltu         fz_wm.l(dflt_clz.o)
    0x08024056   0x00000002   PAD
    0x08024058   0x00000078   Code   RO         2877    x$fpl$dleqf         fz_wm.l(dleqf.o)
    0x080240d0   0x00000154   Code   RO         2879    x$fpl$dmul          fz_wm.l(dmul.o)
    0x08024224   0x0000009c   Code   RO         3050    x$fpl$dnaninf       fz_wm.l(dnaninf.o)
    0x080242c0   0x0000000c   Code   RO         3052    x$fpl$dretinf       fz_wm.l(dretinf.o)
    0x080242cc   0x0000006c   Code   RO         2881    x$fpl$drleqf        fz_wm.l(drleqf.o)
    0x08024338   0x00000016   Code   RO         2856    x$fpl$drsb          fz_wm.l(daddsub_clz.o)
    0x0802434e   0x00000002   PAD
    0x08024350   0x00000198   Code   RO         3054    x$fpl$dsqrt         fz_wm.l(dsqrt_umaal.o)
    0x080244e8   0x000001d4   Code   RO         2857    x$fpl$dsub          fz_wm.l(daddsub_clz.o)
    0x080246bc   0x00000056   Code   RO         2883    x$fpl$f2d           fz_wm.l(f2d.o)
    0x08024712   0x0000008c   Code   RO         3056    x$fpl$fnaninf       fz_wm.l(fnaninf.o)
    0x0802479e   0x0000000a   Code   RO         3223    x$fpl$fpinit        fz_wm.l(fpinit.o)
    0x080247a8   0x0000000a   Code   RO         3058    x$fpl$fretinf       fz_wm.l(fretinf.o)
    0x080247b2   0x00000064   Code   RO         3153    x$fpl$retnan        fz_wm.l(retnan.o)
    0x08024816   0x0000005c   Code   RO         3060    x$fpl$scalbn        fz_wm.l(scalbn.o)
    0x08024872   0x00000030   Code   RO         3206    x$fpl$trapveneer    fz_wm.l(trapv.o)
    0x080248a2   0x00000000   Code   RO         3062    x$fpl$usenofp       fz_wm.l(usenofp.o)
    0x080248a2   0x00000100   Data   RO          943    .constdata          os_core.o
    0x080249a2   0x00000002   PAD
    0x080249a4   0x00000880   Data   RO         2322    .constdata          fastmath.o
    0x08025224   0x00000024   Data   RO         2422    .constdata          quaternion.o
    0x08025248   0x00000004   Data   RO         2593    .constdata          w1.o
    0x0802524c   0x00000004   Data   RO         2642    .constdata          ksw2.o
    0x08025250   0x00000088   Data   RO         2992    .constdata          m_wm.l(pow.o)
    0x080252d8   0x00000030   Data   RO         3064    .constdata          m_wm.l(cos_i.o)
    0x08025308   0x00000008   Data   RO         3100    .constdata          m_wm.l(qnan.o)
    0x08025310   0x000000c8   Data   RO         3103    .constdata          m_wm.l(rred.o)
    0x080253d8   0x00000028   Data   RO         3107    .constdata          m_wm.l(sin_i.o)
    0x08025400   0x00000020   Data   RO         3285    Region$$Table       anon$$obj.o


    Execution Region RW_IRAM1 (Base: 0x20000000, Size: 0x0000bc70, Max: 0x00020000, ABSOLUTE, COMPRESSED[0x0000076c])

    Base Addr    Size         Type   Attr      Idx    E Section Name        Object

    0x20000000   0x0000000d   Data   RW            5    .data               main.o
    0x2000000d   0x00000003   PAD
    0x20000010   0x000000a9   Data   RW          466    .data               ucos_task.o
    0x200000b9   0x00000001   PAD
    0x200000ba   0x00000004   Data   RW          591    .data               delay.o
    0x200000be   0x00000002   PAD
    0x200000c0   0x00000014   Data   RW          613    .data               system_stm32f4xx.o
    0x200000d4   0x00000010   Data   RW          720    .data               stm32f4xx_rcc.o
    0x200000e4   0x0000005c   Data   RW          944    .data               os_core.o
    0x20000140   0x00000006   Data   RW         1147    .data               os_cpu_c.o
    0x20000146   0x00000001   Data   RW         1177    .data               iic.o
    0x20000147   0x00000001   PAD
    0x20000148   0x00000008   Data   RW         1346    .data               flash.o
    0x20000150   0x0000000c   Data   RW         1395    .data               pwm_out.o
    0x2000015c   0x00000014   Data   RW         1583    .data               time.o
    0x20000170   0x0000001a   Data   RW         1614    .data               error.o
    0x2000018a   0x00000002   PAD
    0x2000018c   0x0000007d   Data   RW         1645    .data               rc_mine.o
    0x20000209   0x00000003   PAD
    0x2000020c   0x0000010f   Data   RW         1701    .data               usart_fc.o
    0x2000031b   0x00000005   PAD
    0x20000320   0x00000100   Data   RW         1733    .data               hml_sample.o
    0x20000420   0x000000fd   Data   RW         1926    .data               mpu6050.o
    0x2000051d   0x00000003   PAD
    0x20000520   0x0000008d   Data   RW         1965    .data               ms5611_2.o
    0x200005ad   0x00000003   PAD
    0x200005b0   0x00000010   Data   RW         1990    .data               ultrasonic.o
    0x200005c0   0x000000ba   Data   RW         2040    .data               att_control.o
    0x2000067a   0x00000002   PAD
    0x2000067c   0x0000003c   Data   RW         2094    .data               eso.o
    0x200006b8   0x000000bc   Data   RW         2133    .data               h_inf.o
    0x20000774   0x00000134   Data   RW         2160    .data               height_ctrl.o
    0x200008a8   0x00000100   Data   RW         2248    .data               visual_contol.o
    0x200009a8   0x00000410   Data   RW         2397    .data               my_math.o
    0x20000db8   0x00000004   Data   RW         2423    .data               quaternion.o
    0x20000dbc   0x00000004   PAD
    0x20000dc0   0x00000138   Data   RW         2457    .data               imu1.o
    0x20000ef8   0x000001f8   Data   RW         2485    .data               alt_kf.o
    0x200010f0   0x0000001c   Data   RW         2594    .data               w1.o
    0x2000110c   0x00000004   PAD
    0x20001110   0x00000028   Data   RW         2624    .data               w1_data.o
    0x20001138   0x00000014   Data   RW         2643    .data               ksw2.o
    0x2000114c   0x00000004   PAD
    0x20001150   0x00000058   Data   RW         2670    .data               ksw2_data.o
    0x200011a8   0x00000048   Data   RW         2690    .data               sonar_avoid.o
    0x200011f0   0x0000050c   Zero   RW            4    .bss                main.o
    0x200016fc   0x0000014c   Zero   RW          330    .bss                parameter.o
    0x20001848   0x00002c1c   Zero   RW          465    .bss                ucos_task.o
    0x20004464   0x00001288   Zero   RW          942    .bss                os_core.o
    0x200056ec   0x000010c8   Zero   RW         1345    .bss                flash.o
    0x200067b4   0x000000f0   Zero   RW         1582    .bss                time.o
    0x200068a4   0x00000048   Zero   RW         1613    .bss                error.o
    0x200068ec   0x000001e8   Zero   RW         1644    .bss                rc_mine.o
    0x20006ad4   0x00000e2e   Zero   RW         1700    .bss                usart_fc.o
    0x20007902   0x00000006   PAD
    0x20007908   0x0000050c   Zero   RW         1925    .bss                mpu6050.o
    0x20007e14   0x00000340   Zero   RW         2039    .bss                att_control.o
    0x20008154   0x000008c4   Zero   RW         2093    .bss                eso.o
    0x20008a18   0x00000500   Zero   RW         2132    .bss                h_inf.o
    0x20008f18   0x000004a0   Zero   RW         2159    .bss                height_ctrl.o
    0x200093b8   0x000001fc   Zero   RW         2247    .bss                visual_contol.o
    0x200095b4   0x000004f8   Zero   RW         2298    .bss                leg.o
    0x20009aac   0x00001806   Zero   RW         2396    .bss                my_math.o
    0x2000b2b2   0x00000002   PAD
    0x2000b2b4   0x000000e4   Zero   RW         2421    .bss                quaternion.o
    0x2000b398   0x000000d0   Zero   RW         2456    .bss                imu1.o
    0x2000b468   0x00000074   Zero   RW         2484    .bss                alt_kf.o
    0x2000b4dc   0x00000004   PAD
    0x2000b4e0   0x00000020   Zero   RW         2641    .bss                ksw2.o
    0x2000b500   0x0000010c   Zero   RW         2689    .bss                sonar_avoid.o
    0x2000b60c   0x00000060   Zero   RW         3139    .bss                c_w.l(libspace.o)
    0x2000b66c   0x00000004   PAD
    0x2000b670   0x00000200   Zero   RW          533    HEAP                startup_stm32f40_41xxx.o
    0x2000b870   0x00000400   Zero   RW          532    STACK               startup_stm32f40_41xxx.o


==============================================================================

Image component sizes


      Code (inc. data)   RO Data    RW Data    ZI Data      Debug   Object Name

         0          0          0        504        116       9659   alt_kf.o
     13996       1004          0        186        832       9593   att_control.o
       264         18          0          4          0       1455   delay.o
       232          4          0          0          0       1516   dma.o
      1020         74          0         26         72       2692   error.o
      7344        344          0         60       2244      11765   eso.o
      5112        288       2176          0          0      12383   fastmath.o
      2580        132          0          8       4296       7535   flash.o
      3584        304          0        188       1280       4843   h_inf.o
      6260        756          0        308       1184       9760   height_ctrl.o
         0          0          0        256          0      13113   hml_sample.o
       936         10          0          1          0       4626   iic.o
         0          0          0          0          0       1132   iic1.o
         0          0          0        312        208      13038   imu1.o
       700         30          4         20         32       5027   ksw2.o
         0          0          0         88          0       1636   ksw2_data.o
         0          0          0          0       1272       1432   leg.o
      1072        212          0         13       1292     323237   main.o
       224         20          0          0          0       1857   misc.o
      3184        226          0        253       1292      18268   mpu6050.o
         0          0          0        141          0       5635   ms5611_2.o
      2904        154          0       1040       6150      11324   my_math.o
      2196        218        256         92       4744      16099   os_core.o
       200         32          0          0          0        344   os_cpu_a.o
       488          8          0          6          0      11923   os_cpu_c.o
      2060         42          0          0          0       7264   os_flag.o
       972         16          0          0          0       4366   os_mbox.o
      1512         30          0          0          0       5825   os_q.o
       908         18          0          0          0       4098   os_sem.o
      1988         70          0          0          0       7941   os_task.o
       432         30          0          0          0       1898   os_time.o
      1588         94          0          0          0       5785   os_tmr.o
      2108        178          0          0        332       2865   parameter.o
      1056         38          0         12          0     261224   pwm_out.o
      8772        154         36          4        228      12300   quaternion.o
      6652        492          0        125        488       8279   rc_mine.o
         0          0          0         72        268       1290   sonar_avoid.o
        64         26        392          0       1536        852   startup_stm32f40_41xxx.o
       936         32          0          0          0       6437   stm32f4xx_dma.o
      1684         28          0          0          0       9462   stm32f4xx_flash.o
       660         44          0          0          0       4201   stm32f4xx_gpio.o
        22          0          0          0          0       1055   stm32f4xx_it.o
      1628         52          0         16          0      13092   stm32f4xx_rcc.o
      1152         36          0          0          0       6949   stm32f4xx_spi.o
      3234         60          0          0          0      23056   stm32f4xx_tim.o
      1108         34          0          0          0       7924   stm32f4xx_usart.o
       528         46          0         20          0       1839   system_stm32f4xx.o
       476         28          0         20        240      29775   time.o
      9888        930          0        169      11292       7549   ucos_task.o
         0          0          0         16          0        433   ultrasonic.o
     32032       1396          0        271       3630      34405   usart_fc.o
      3896        326          0        256        508       7610   visual_contol.o
       288         28          4         28          0       4889   w1.o
         0          0          0         40          0       1566   w1_data.o

    ----------------------------------------------------------------------
    137944       8062       2902       4592      43548     984121   Object Totals
         0          0         32          0          0          0   (incl. Generated)
         4          0          2         37         12          0   (incl. Padding)

    ----------------------------------------------------------------------

      Code (inc. data)   RO Data    RW Data    ZI Data      Debug   Library Member Name

        90          0          0          0          0          0   __dczerorl2.o
         8          0          0          0          0         68   __main.o
         0          0          0          0          0          0   __rtentry.o
        12          0          0          0          0          0   __rtentry2.o
         6          0          0          0          0          0   __rtentry4.o
        52          8          0          0          0          0   __scatter.o
        28          0          0          0          0          0   __scatter_zi.o
        22          0          0          0          0        100   _rserrno.o
        18          0          0          0          0         80   exit.o
         6          0          0          0          0        152   heapauxi.o
         0          0          0          0          0          0   indicate_semi.o
         2          0          0          0          0          0   libinit.o
         6          0          0          0          0          0   libinit2.o
         2          0          0          0          0          0   libshutdown.o
         2          0          0          0          0          0   libshutdown2.o
         8          4          0          0         96         68   libspace.o
         8          4          0          0          0         68   rt_errno_addr_intlibspace.o
        78          0          0          0          0         80   rt_memclr_w.o
       100          0          0          0          0         80   rt_memcpy_w.o
         2          0          0          0          0          0   rtexit.o
        10          0          0          0          0          0   rtexit2.o
        12          4          0          0          0         68   sys_exit.o
        74          0          0          0          0         80   sys_stackheap_outer.o
         2          0          0          0          0         68   use_no_semi.o
        24          0          0          0          0        164   basic.o
        98          4          0          0          0        140   d2f.o
       826         16          0          0          0        492   daddsub_clz.o
        16          4          0          0          0        116   dcheck1.o
        24          0          0          0          0        116   dcmpi.o
       688        140          0          0          0        256   ddiv.o
       120          4          0          0          0        140   deqf.o
        94          4          0          0          0        140   dfix.o
        84          0          0          0          0        232   dflt_clz.o
       120          4          0          0          0        140   dleqf.o
       340         12          0          0          0        152   dmul.o
       156          4          0          0          0        140   dnaninf.o
        12          0          0          0          0        116   dretinf.o
       108          0          0          0          0        128   drleqf.o
       408         56          0          0          0        168   dsqrt_umaal.o
        86          4          0          0          0        132   f2d.o
       140          4          0          0          0        132   fnaninf.o
        10          0          0          0          0        116   fpinit.o
        10          0          0          0          0        116   fretinf.o
       100          0          0          0          0        116   retnan.o
        92          0          0          0          0        116   scalbn.o
        48          0          0          0          0        116   trapv.o
         0          0          0          0          0          0   usenofp.o
       300         42          0          0          0        176   asinf.o
       592         90          0          0          0        184   atan2f.o
       200         20          0          0          0        164   cos.o
       368         46         48          0          0        200   cos_i.o
       184         44          0          0          0        744   dunder.o
        44          0          0          0          0        248   fabs.o
        48          0          0          0          0        124   fpclassify.o
        38          0          0          0          0        116   fpclassifyf.o
        44         12          0          0          0        464   funder.o
       248          0          0          0          0        152   poly.o
      3152        296        136          0          0        352   pow.o
         0          0          8          0          0          0   qnan.o
      1080        142        200          0          0        188   rred.o
       200         20          0          0          0        164   sin.o
       304         24         40          0          0        208   sin_i.o
       232          0          0          0          0        296   sqrt.o
       120          0          0          0          0        272   sqrtf.o

    ----------------------------------------------------------------------
     11330       1016        432          0        100       8448   Library Totals
        24          4          0          0          4          0   (incl. Padding)

    ----------------------------------------------------------------------

      Code (inc. data)   RO Data    RW Data    ZI Data      Debug   Library Name

       548         20          0          0         96        912   c_w.l
      3604        256          0          0          0       3484   fz_wm.l
      7154        736        432          0          0       4052   m_wm.l

    ----------------------------------------------------------------------
     11330       1016        432          0        100       8448   Library Totals

    ----------------------------------------------------------------------

==============================================================================


      Code (inc. data)   RO Data    RW Data    ZI Data      Debug   

    149274       9078       3334       4592      43648     976805   Grand Totals
    149274       9078       3334       1900      43648     976805   ELF Image Totals (compressed)
    149274       9078       3334       1900          0          0   ROM Totals

==============================================================================

    Total RO  Size (Code + RO Data)               152608 ( 149.03kB)
    Total RW  Size (RW Data + ZI Data)             48240 (  47.11kB)
    Total ROM Size (Code + RO Data + RW Data)     154508 ( 150.89kB)

==============================================================================

